
> mitilence2k26@0.1.0 build
> next build

node.exe : ΓÜá 
`images.domains` is 
deprecated in favor 
of `images.remotePatte
rns`. Please update 
next.config.mjs to 
protect your 
application from 
malicious users.
At line:1 char:1
+ & "C:\Program Files\
nodejs/node.exe" 
"C:\Program 
Files\nodejs/node_mo 
...
+ ~~~~~~~~~~~~~~~~~~~~
~~~~~~~~~~~~~~~~~~~~~~
~~~~~~~~~~~~~~~~~~~~~~
~~~~~
    + CategoryInfo    
          : 
NotSpecifi    ed: 
(ΓÜá `images.d    
om...alicious user    
s.:String) [], Rem    
oteException
    + 
FullyQualifiedEr    
rorId : NativeComm    
andError
 
ΓÜá Specified 
"headers" will not 
automatically work 
with "output: 
export". See more 
info here: https://nex
tjs.org/docs/messages/
export-no-custom-route
s
ΓÜá Warning: Next.js 
inferred your 
workspace root, but 
it may not be correct.
 We detected multiple 
lockfiles and 
selected the 
directory of C:\Users\
SATISH\package-lock.js
on as the root 
directory.
 To silence this 
warning, set 
`turbopack.root` in 
your Next.js config, 
or consider removing 
one of the lockfiles 
if it's not needed.
   See https://nextjs.
org/docs/app/api-refer
ence/config/next-confi
g-js/turbopack#root-di
rectory for more 
information.
 Detected additional 
lockfiles: 
   * C:\Users\SATISH\M
ITIENCE WEBSITE\mitile
nce2k26\package-lock.j
son

Γû▓ Next.js 16.1.6 (Turbopack)
- Environments: .env.local

  Creating an optimized production build ...
ΓÜá Specified 
"headers" will not 
automatically work 
with "output: 
export". See more 
info here: https://nex
tjs.org/docs/messages/
export-no-custom-route
s

> Build error occurred
Error: Turbopack 
build failed with 1 
errors:
./MITIENCE WEBSITE/mit
ilence2k26/app/dashboa
rd/page.js:12:8
Ecmascript file had 
an error
[0m [90m 10 |[39m 
[36mimport[39m 
[33mLink[39m 
[36mfrom[39m [32m"n
ext/link"[39m[33m;[
39m
 [90m 11 |[39m 
[36mimport[39m [33m
RegistrationForm[39m 
[36mfrom[39m [32m"@
/components/Registrati
onForm"[39m[33m;[39
m
[31m[1m>[22m[39m[
90m 12 |[39m 
[36mimport[39m [33m
RegistrationForm[39m 
[36mfrom[39m [32m"@
/components/Registrati
onForm"[39m[33m;[39
m
 [90m    |[39m      
  [31m[1m^[22m[39m
[31m[1m^[22m[39m[
31m[1m^[22m[39m[31
m[1m^[22m[39m[31m
[1m^[22m[39m[31m[1
m^[22m[39m[31m[1m^
[22m[39m[31m[1m^[
22m[39m[31m[1m^[22
m[39m[31m[1m^[22m
[39m[31m[1m^[22m[3
9m[31m[1m^[22m[39m
[31m[1m^[22m[39m[
31m[1m^[22m[39m[31
m[1m^[22m[39m[31m
[1m^[22m[39m
 [90m 13 |[39m
 [90m 14 |[39m 
[36mfunction[39m [3
3mDashboardContent[39
m() {
 [90m 15 |[39m     
[36mconst[39m { 
user } [33m=[39m use
Auth()[33m;[39m[0m

the name 
`RegistrationForm` is 
defined multiple times

Import traces:
  Client Component 
Browser:
    ./MITIENCE WEBSITE
/mitilence2k26/app/das
hboard/page.js 
[Client Component 
Browser]
    ./MITIENCE WEBSITE
/mitilence2k26/app/das
hboard/page.js 
[Server Component]

  Client Component 
SSR:
    ./MITIENCE WEBSITE
/mitilence2k26/app/das
hboard/page.js 
[Client Component SSR]
    ./MITIENCE WEBSITE
/mitilence2k26/app/das
hboard/page.js 
[Server Component]


    at <unknown> 
(./MITIENCE WEBSITE/mi
tilence2k26/app/dashbo
ard/page.js:12:8)
